I'm sorry, but errors were detected in your script. Please correct the
errors listed below, and try again.


File "game/script.rpy", line 10: Line is indented, but the preceding say statement statement does not expect a block. Please check this line's indentation.
    "I can't bring myself to admit that it all went in one ear and out the other."
    ^

Ren'Py Version: Ren'Py 7.3.5.606
Mon May 18 16:42:04 2020
